---
source: src/splittree.rs
expression: rects
---
[
    Rect {
        pos: BufferPosition {
            row: 0,
            col: 0,
        },
        size: Size {
            w: 20,
            h: 26,
        },
    },
    Rect {
        pos: BufferPosition {
            row: 0,
            col: 20,
        },
        size: Size {
            w: 20,
            h: 26,
        },
    },
    Rect {
        pos: BufferPosition {
            row: 26,
            col: 0,
        },
        size: Size {
            w: 40,
            h: 13,
        },
    },
]
